------------------------------------------------------------
Timing Analyzer Summary
------------------------------------------------------------

Type  : Slow 1200mV 85C Model Setup 'clk'
Slack : -3.462
TNS   : -45.866

Type  : Slow 1200mV 85C Model Hold 'clk'
Slack : 0.388
TNS   : 0.000

Type  : Slow 1200mV 85C Model Recovery 'clk'
Slack : -1.582
TNS   : -25.310

Type  : Slow 1200mV 85C Model Removal 'clk'
Slack : 1.420
TNS   : 0.000

Type  : Slow 1200mV 85C Model Minimum Pulse Width 'clk'
Slack : -3.000
TNS   : -53.115

Type  : Slow 1200mV 0C Model Setup 'clk'
Slack : -3.097
TNS   : -39.457

Type  : Slow 1200mV 0C Model Hold 'clk'
Slack : 0.341
TNS   : 0.000

Type  : Slow 1200mV 0C Model Recovery 'clk'
Slack : -1.325
TNS   : -20.791

Type  : Slow 1200mV 0C Model Removal 'clk'
Slack : 1.302
TNS   : 0.000

Type  : Slow 1200mV 0C Model Minimum Pulse Width 'clk'
Slack : -3.000
TNS   : -53.115

Type  : Fast 1200mV 0C Model Setup 'clk'
Slack : -1.191
TNS   : -12.155

Type  : Fast 1200mV 0C Model Hold 'clk'
Slack : 0.175
TNS   : 0.000

Type  : Fast 1200mV 0C Model Recovery 'clk'
Slack : -0.270
TNS   : -2.615

Type  : Fast 1200mV 0C Model Removal 'clk'
Slack : 0.664
TNS   : 0.000

Type  : Fast 1200mV 0C Model Minimum Pulse Width 'clk'
Slack : -3.000
TNS   : -44.397

------------------------------------------------------------
